******************************************************************************
             TMS320C2000 Linker PC v6.1.0                      
******************************************************************************
>> Linked Thu Jun 06 06:54:52 2013

OUTPUT FILE NAME:   <C28346_Test_Program.out>
ENTRY POINT SYMBOL: "_c_int00"  address: 0000b7ab


MEMORY CONFIGURATION

         name            origin    length      used     unused   attr    fill
----------------------  --------  ---------  --------  --------  ----  --------
PAGE 0:
  BEGIN                 00000000   00000002  00000002  00000000  RWIX
  RAMM0                 00000052   000003ae  00000000  000003ae  RWIX
  RAML0                 00008000   00002000  00000044  00001fbc  RWIX
  RAML1                 0000a000   00002000  00001908  000006f8  RWIX
  ZONE7A                00200000   00100000  0000002a  000fffd6  RWIX
  RAMH0                 00300000   00008000  00000000  00008000  RWIX
  RAMH1                 00308000   00008000  00000000  00008000  RWIX
  RAMH2                 00310000   00008000  00000000  00008000  RWIX
  CSM_RSVD              0033ff80   00000076  00000000  00000076  RWIX
  CSM_PWL               0033fff8   00000008  00000000  00000008  RWIX
  IQTABLES              003fe000   00000b50  00000000  00000b50  RWIX
  IQTABLES2             003feb50   0000008c  00000000  0000008c  RWIX
  FPUTABLES             003febdc   000006a0  00000000  000006a0  RWIX
  BOOTROM               003ff27c   00000d44  00000000  00000d44  RWIX
  RESET                 003fffc0   00000002  00000000  00000002  RWIX

PAGE 1:
  BOOT_RSVD             00000002   00000050  00000000  00000050  RWIX
  RAMM1                 00000400   00000400  00000300  00000100  RWIX
  DEV_EMU               00000880   00000180  000000d0  000000b0  RWIX
  CSM                   00000ae0   00000010  00000010  00000000  RWIX
  XINTF                 00000b20   00000020  0000001e  00000002  RWIX
  CPU_TIMER0            00000c00   00000008  00000008  00000000  RWIX
  CPU_TIMER1            00000c08   00000008  00000008  00000000  RWIX
  CPU_TIMER2            00000c10   00000008  00000008  00000000  RWIX
  PIE_CTRL              00000ce0   00000020  0000001a  00000006  RWIX
  PIE_VECT              00000d00   00000100  00000100  00000000  RWIX
  DMA                   00001000   00000200  000000e0  00000120  RWIX
  MCBSPA                00005000   00000040  00000025  0000001b  RWIX
  MCBSPB                00005040   00000040  00000025  0000001b  RWIX
  ECANA                 00006000   00000040  00000034  0000000c  RWIX
  ECANA_LAM             00006040   00000040  00000040  00000000  RWIX
  ECANA_MOTS            00006080   00000040  00000040  00000000  RWIX
  ECANA_MOTO            000060c0   00000040  00000040  00000000  RWIX
  ECANA_MBOX            00006100   00000100  00000100  00000000  RWIX
  ECANB                 00006200   00000040  00000034  0000000c  RWIX
  ECANB_LAM             00006240   00000040  00000040  00000000  RWIX
  ECANB_MOTS            00006280   00000040  00000040  00000000  RWIX
  ECANB_MOTO            000062c0   00000040  00000040  00000000  RWIX
  ECANB_MBOX            00006300   00000100  00000100  00000000  RWIX
  EPWM9                 00006600   00000022  00000022  00000000  RWIX
  EPWM1                 00006800   00000022  00000022  00000000  RWIX
  EPWM2                 00006840   00000022  00000022  00000000  RWIX
  EPWM3                 00006880   00000022  00000022  00000000  RWIX
  EPWM4                 000068c0   00000022  00000022  00000000  RWIX
  EPWM5                 00006900   00000022  00000022  00000000  RWIX
  EPWM6                 00006940   00000022  00000022  00000000  RWIX
  EPWM7                 00006980   00000022  00000022  00000000  RWIX
  EPWM8                 000069c0   00000022  00000022  00000000  RWIX
  ECAP1                 00006a00   00000020  00000020  00000000  RWIX
  ECAP2                 00006a20   00000020  00000020  00000000  RWIX
  ECAP3                 00006a40   00000020  00000020  00000000  RWIX
  ECAP4                 00006a60   00000020  00000020  00000000  RWIX
  ECAP5                 00006a80   00000020  00000020  00000000  RWIX
  ECAP6                 00006aa0   00000020  00000020  00000000  RWIX
  EQEP1                 00006b00   00000040  00000040  00000000  RWIX
  EQEP2                 00006b40   00000040  00000040  00000000  RWIX
  EQEP3                 00006b80   00000040  00000040  00000000  RWIX
  GPIOCTRL              00006f80   00000040  0000002e  00000012  RWIX
  GPIODAT               00006fc0   00000020  00000020  00000000  RWIX
  GPIOINT               00006fe0   00000020  0000000a  00000016  RWIX
  SYSTEM                00007010   00000021  00000020  00000001  RWIX
  SPIA                  00007040   00000010  00000010  00000000  RWIX
  SCIA                  00007050   00000010  00000010  00000000  RWIX
  XINTRUPT              00007070   00000010  00000010  00000000  RWIX
  SCIB                  00007750   00000010  00000010  00000000  RWIX
  SCIC                  00007770   00000010  00000010  00000000  RWIX
  SPID                  00007780   00000010  00000010  00000000  RWIX
  I2CA                  00007900   00000040  00000022  0000001e  RWIX
  RAML2                 0000c000   00002000  0000005d  00001fa3  RWIX
  RAML3                 0000e000   00002000  00000687  00001979  RWIX
  RAML4                 00010000   00002000  00000000  00002000  RWIX
  RAML5                 00012000   00002000  00000000  00002000  RWIX
  RAML6                 00014000   00002000  00000000  00002000  RWIX
  RAML7                 00016000   00002000  00000000  00002000  RWIX
  RAMH3                 00318000   00008000  00000000  00008000  RWIX
  RAMH4                 00320000   00008000  00000000  00008000  RWIX
  RAMH5                 00328000   00008000  00000000  00008000  RWIX
  CSM_PWL               0033fff8   00000008  00000008  00000000  RWIX


SECTION ALLOCATION MAP

 output                                  attributes/
section   page    origin      length       input sections
--------  ----  ----------  ----------   ----------------
codestart 
*          0    00000000    00000002     
                  00000000    00000002     DSP2834x_CodeStartBranch.obj (codestart)

.pinit     0    00008000    00000000     UNINITIALIZED

.cinit     0    00008000    00000040     
                  00008000    0000001e     I2CTest.obj (.cinit)
                  0000801e    0000000a     rts2800_fpu32.lib : _lock.obj (.cinit)
                  00008028    0000000a                       : exit.obj (.cinit)
                  00008032    00000008     PSRAMTest.obj (.cinit)
                  0000803a    00000004     PinsTest.obj (.cinit)
                  0000803e    00000002     --HOLE-- [fill = 0]

ramfuncs   0    00008040    00000004     
                  00008040    00000004     DSP2834x_usDelay.obj (ramfuncs)

.text      0    0000a000    000018de     
                  0000a000    0000047e     PinsTest.obj (.text)
                  0000a47e    000003f5     DSP2834x_DMA.obj (.text)
                  0000a873    00000352     DSP2834x_DefaultIsr.obj (.text:retain)
                  0000abc5    000001e5     DSP2834x_Xintf.obj (.text)
                  0000adaa    00000195     DSP2834x_EPwm.obj (.text)
                  0000af3f    0000016c     DSP2834x_Mcbsp.obj (.text)
                  0000b0ab    00000132     DSP2834x_ECan.obj (.text)
                  0000b1dd    0000010c     I2CTest.obj (.text)
                  0000b2e9    000000f7     DSP2834x_SysCtrl.obj (.text)
                  0000b3e0    00000096     I2CTest.obj (.text:retain)
                  0000b476    00000094     PSRAMTest.obj (.text)
                  0000b50a    00000083     DSP2834x_Sci.obj (.text)
                  0000b58d    0000007b     DSP2834x_CpuTimers.obj (.text)
                  0000b608    00000078     DSP2834x_Spi.obj (.text)
                  0000b680    00000076     DSP2834x_EQep.obj (.text)
                  0000b6f6    0000005c     DSP2834x_ECap.obj (.text)
                  0000b752    00000059     Test_Program.obj (.text)
                  0000b7ab    00000046     rts2800_fpu32.lib : boot.obj (.text)
                  0000b7f1    0000002a     DSP2834x_MemCopy.obj (.text)
                  0000b81b    00000028     DSP2834x_PieCtrl.obj (.text)
                  0000b843    00000020     DSP2834x_PieVect.obj (.text)
                  0000b863    00000019     rts2800_fpu32.lib : args_main.obj (.text)
                  0000b87c    00000019                       : exit.obj (.text)
                  0000b895    00000017     DSP2834x_Gpio.obj (.text)
                  0000b8ac    00000017     DSP2834x_I2C.obj (.text)
                  0000b8c3    00000009     rts2800_fpu32.lib : _lock.obj (.text)
                  0000b8cc    00000008     DSP2834x_CodeStartBranch.obj (.text)
                  0000b8d4    00000007     DSP2834x_DisInt.obj (.text)
                  0000b8db    00000003     DSP2834x_DBGIER.obj (.text)

xintffuncs 
*          0    0000b8de    0000002a     RUN ADDR = 00200000
                  0000b8de    0000001a     Test_Program.obj (xintffuncs:retain)
                  0000b8f8    0000000d     Test_Program.obj (xintffuncs)
                  0000b905    00000001     --HOLE-- [fill = 0]
                  0000b906    00000002     PSRAMTest.obj (xintffuncs) [fill = 0]

csm_rsvd   0    0033ff80    00000000     DSECT

csmpasswds 
*          0    0033fff8    00000000     DSECT

.reset     0    003fffc0    00000002     DSECT
                  003fffc0    00000002     rts2800_fpu32.lib : boot.obj (.reset)

.stack     1    00000400    00000300     UNINITIALIZED
                  00000400    00000300     --HOLE--

DevEmuRegsFile 
*          1    00000880    000000d0     UNINITIALIZED
                  00000880    000000d0     DSP2834x_GlobalVariableDefs.obj (DevEmuRegsFile)

CsmRegsFile 
*          1    00000ae0    00000010     UNINITIALIZED
                  00000ae0    00000010     DSP2834x_GlobalVariableDefs.obj (CsmRegsFile)

XintfRegsFile 
*          1    00000b20    0000001e     UNINITIALIZED
                  00000b20    0000001e     DSP2834x_GlobalVariableDefs.obj (XintfRegsFile)

CpuTimer0RegsFile 
*          1    00000c00    00000008     UNINITIALIZED
                  00000c00    00000008     DSP2834x_GlobalVariableDefs.obj (CpuTimer0RegsFile)

CpuTimer1RegsFile 
*          1    00000c08    00000008     UNINITIALIZED
                  00000c08    00000008     DSP2834x_GlobalVariableDefs.obj (CpuTimer1RegsFile)

CpuTimer2RegsFile 
*          1    00000c10    00000008     UNINITIALIZED
                  00000c10    00000008     DSP2834x_GlobalVariableDefs.obj (CpuTimer2RegsFile)

PieCtrlRegsFile 
*          1    00000ce0    0000001a     UNINITIALIZED
                  00000ce0    0000001a     DSP2834x_GlobalVariableDefs.obj (PieCtrlRegsFile)

PieVectTableFile 
*          1    00000d00    00000100     UNINITIALIZED
                  00000d00    00000100     DSP2834x_GlobalVariableDefs.obj (PieVectTableFile)

DmaRegsFile 
*          1    00001000    000000e0     UNINITIALIZED
                  00001000    000000e0     DSP2834x_GlobalVariableDefs.obj (DmaRegsFile)

McbspaRegsFile 
*          1    00005000    00000025     UNINITIALIZED
                  00005000    00000025     DSP2834x_GlobalVariableDefs.obj (McbspaRegsFile)

McbspbRegsFile 
*          1    00005040    00000025     UNINITIALIZED
                  00005040    00000025     DSP2834x_GlobalVariableDefs.obj (McbspbRegsFile)

ECanaRegsFile 
*          1    00006000    00000034     UNINITIALIZED
                  00006000    00000034     DSP2834x_GlobalVariableDefs.obj (ECanaRegsFile)

ECanaLAMRegsFile 
*          1    00006040    00000040     UNINITIALIZED
                  00006040    00000040     DSP2834x_GlobalVariableDefs.obj (ECanaLAMRegsFile)

ECanaMOTSRegsFile 
*          1    00006080    00000040     UNINITIALIZED
                  00006080    00000040     DSP2834x_GlobalVariableDefs.obj (ECanaMOTSRegsFile)

ECanaMOTORegsFile 
*          1    000060c0    00000040     UNINITIALIZED
                  000060c0    00000040     DSP2834x_GlobalVariableDefs.obj (ECanaMOTORegsFile)

ECanaMboxesFile 
*          1    00006100    00000100     UNINITIALIZED
                  00006100    00000100     DSP2834x_GlobalVariableDefs.obj (ECanaMboxesFile)

ECanbRegsFile 
*          1    00006200    00000034     UNINITIALIZED
                  00006200    00000034     DSP2834x_GlobalVariableDefs.obj (ECanbRegsFile)

ECanbLAMRegsFile 
*          1    00006240    00000040     UNINITIALIZED
                  00006240    00000040     DSP2834x_GlobalVariableDefs.obj (ECanbLAMRegsFile)

ECanbMOTSRegsFile 
*          1    00006280    00000040     UNINITIALIZED
                  00006280    00000040     DSP2834x_GlobalVariableDefs.obj (ECanbMOTSRegsFile)

ECanbMOTORegsFile 
*          1    000062c0    00000040     UNINITIALIZED
                  000062c0    00000040     DSP2834x_GlobalVariableDefs.obj (ECanbMOTORegsFile)

ECanbMboxesFile 
*          1    00006300    00000100     UNINITIALIZED
                  00006300    00000100     DSP2834x_GlobalVariableDefs.obj (ECanbMboxesFile)

EPwm9RegsFile 
*          1    00006600    00000022     UNINITIALIZED
                  00006600    00000022     DSP2834x_GlobalVariableDefs.obj (EPwm9RegsFile)

EPwm1RegsFile 
*          1    00006800    00000022     UNINITIALIZED
                  00006800    00000022     DSP2834x_GlobalVariableDefs.obj (EPwm1RegsFile)

EPwm2RegsFile 
*          1    00006840    00000022     UNINITIALIZED
                  00006840    00000022     DSP2834x_GlobalVariableDefs.obj (EPwm2RegsFile)

EPwm3RegsFile 
*          1    00006880    00000022     UNINITIALIZED
                  00006880    00000022     DSP2834x_GlobalVariableDefs.obj (EPwm3RegsFile)

EPwm4RegsFile 
*          1    000068c0    00000022     UNINITIALIZED
                  000068c0    00000022     DSP2834x_GlobalVariableDefs.obj (EPwm4RegsFile)

EPwm5RegsFile 
*          1    00006900    00000022     UNINITIALIZED
                  00006900    00000022     DSP2834x_GlobalVariableDefs.obj (EPwm5RegsFile)

EPwm6RegsFile 
*          1    00006940    00000022     UNINITIALIZED
                  00006940    00000022     DSP2834x_GlobalVariableDefs.obj (EPwm6RegsFile)

EPwm7RegsFile 
*          1    00006980    00000022     UNINITIALIZED
                  00006980    00000022     DSP2834x_GlobalVariableDefs.obj (EPwm7RegsFile)

EPwm8RegsFile 
*          1    000069c0    00000022     UNINITIALIZED
                  000069c0    00000022     DSP2834x_GlobalVariableDefs.obj (EPwm8RegsFile)

ECap1RegsFile 
*          1    00006a00    00000020     UNINITIALIZED
                  00006a00    00000020     DSP2834x_GlobalVariableDefs.obj (ECap1RegsFile)

ECap2RegsFile 
*          1    00006a20    00000020     UNINITIALIZED
                  00006a20    00000020     DSP2834x_GlobalVariableDefs.obj (ECap2RegsFile)

ECap3RegsFile 
*          1    00006a40    00000020     UNINITIALIZED
                  00006a40    00000020     DSP2834x_GlobalVariableDefs.obj (ECap3RegsFile)

ECap4RegsFile 
*          1    00006a60    00000020     UNINITIALIZED
                  00006a60    00000020     DSP2834x_GlobalVariableDefs.obj (ECap4RegsFile)

ECap5RegsFile 
*          1    00006a80    00000020     UNINITIALIZED
                  00006a80    00000020     DSP2834x_GlobalVariableDefs.obj (ECap5RegsFile)

ECap6RegsFile 
*          1    00006aa0    00000020     UNINITIALIZED
                  00006aa0    00000020     DSP2834x_GlobalVariableDefs.obj (ECap6RegsFile)

EQep1RegsFile 
*          1    00006b00    00000040     UNINITIALIZED
                  00006b00    00000040     DSP2834x_GlobalVariableDefs.obj (EQep1RegsFile)

EQep2RegsFile 
*          1    00006b40    00000040     UNINITIALIZED
                  00006b40    00000040     DSP2834x_GlobalVariableDefs.obj (EQep2RegsFile)

EQep3RegsFile 
*          1    00006b80    00000040     UNINITIALIZED
                  00006b80    00000040     DSP2834x_GlobalVariableDefs.obj (EQep3RegsFile)

GpioCtrlRegsFile 
*          1    00006f80    0000002e     UNINITIALIZED
                  00006f80    0000002e     DSP2834x_GlobalVariableDefs.obj (GpioCtrlRegsFile)

GpioDataRegsFile 
*          1    00006fc0    00000020     UNINITIALIZED
                  00006fc0    00000020     DSP2834x_GlobalVariableDefs.obj (GpioDataRegsFile)

GpioIntRegsFile 
*          1    00006fe0    0000000a     UNINITIALIZED
                  00006fe0    0000000a     DSP2834x_GlobalVariableDefs.obj (GpioIntRegsFile)

SysCtrlRegsFile 
*          1    00007010    00000020     UNINITIALIZED
                  00007010    00000020     DSP2834x_GlobalVariableDefs.obj (SysCtrlRegsFile)

SpiaRegsFile 
*          1    00007040    00000010     UNINITIALIZED
                  00007040    00000010     DSP2834x_GlobalVariableDefs.obj (SpiaRegsFile)

SciaRegsFile 
*          1    00007050    00000010     UNINITIALIZED
                  00007050    00000010     DSP2834x_GlobalVariableDefs.obj (SciaRegsFile)

XIntruptRegsFile 
*          1    00007070    00000010     UNINITIALIZED
                  00007070    00000010     DSP2834x_GlobalVariableDefs.obj (XIntruptRegsFile)

ScibRegsFile 
*          1    00007750    00000010     UNINITIALIZED
                  00007750    00000010     DSP2834x_GlobalVariableDefs.obj (ScibRegsFile)

ScicRegsFile 
*          1    00007770    00000010     UNINITIALIZED
                  00007770    00000010     DSP2834x_GlobalVariableDefs.obj (ScicRegsFile)

SpidRegsFile 
*          1    00007780    00000010     UNINITIALIZED
                  00007780    00000010     DSP2834x_GlobalVariableDefs.obj (SpidRegsFile)

I2caRegsFile 
*          1    00007900    00000022     UNINITIALIZED
                  00007900    00000022     DSP2834x_GlobalVariableDefs.obj (I2caRegsFile)

.ebss      1    0000c000    0000005d     UNINITIALIZED
                  0000c000    0000002e     I2CTest.obj (.ebss)
                  0000c02e    00000008     PSRAMTest.obj (.ebss)
                  0000c036    00000006     Test_Program.obj (.ebss)
                  0000c03c    00000004     rts2800_fpu32.lib : _lock.obj (.ebss)
                  0000c040    00000018     DSP2834x_CpuTimers.obj (.ebss)
                  0000c058    00000004     rts2800_fpu32.lib : exit.obj (.ebss)
                  0000c05c    00000001     PinsTest.obj (.ebss)

.econst    1    0000e000    00000687     
                  0000e000    000003f4     PinsTest.obj (.econst:.string)
                  0000e3f4    00000100     DSP2834x_PieVect.obj (.econst)
                  0000e4f4    000000b3     PSRAMTest.obj (.econst:.string)
                  0000e5a7    00000001     --HOLE-- [fill = 0]
                  0000e5a8    00000080     I2CTest.obj (.econst:.string)
                  0000e628    0000005f     Test_Program.obj (.econst:.string)

CsmPwlFile 
*          1    0033fff8    00000008     UNINITIALIZED
                  0033fff8    00000008     DSP2834x_GlobalVariableDefs.obj (CsmPwlFile)


GLOBAL SYMBOLS: SORTED ALPHABETICALLY BY Name 

address    name
--------   ----
0000a000   .text
0000b87c   C$$EXIT
0000b5c6   _ConfigCpuTimer
0000c050   _CpuTimer0
00000c00   _CpuTimer0Regs
0000c040   _CpuTimer1
00000c08   _CpuTimer1Regs
0000c048   _CpuTimer2
00000c10   _CpuTimer2Regs
0033fff8   _CsmPwl
00000ae0   _CsmRegs
0000b3c4   _CsmUnlock
0000c002   _CurrentMsgPtr
0000a887   _DATALOG_ISR
0000aaa3   _DINTCH1_ISR
0000aaad   _DINTCH2_ISR
0000aab7   _DINTCH3_ISR
0000aac1   _DINTCH4_ISR
0000aacb   _DINTCH5_ISR
0000aad5   _DINTCH6_ISR
0000a489   _DMACH1AddrConfig
0000a49b   _DMACH1BurstConfig
0000a4ce   _DMACH1ModeConfig
0000a4ab   _DMACH1TransferConfig
0000a4bb   _DMACH1WrapConfig
0000a530   _DMACH2AddrConfig
0000a542   _DMACH2BurstConfig
0000a575   _DMACH2ModeConfig
0000a552   _DMACH2TransferConfig
0000a562   _DMACH2WrapConfig
0000a5d7   _DMACH3AddrConfig
0000a5e9   _DMACH3BurstConfig
0000a61c   _DMACH3ModeConfig
0000a5f9   _DMACH3TransferConfig
0000a609   _DMACH3WrapConfig
0000a67e   _DMACH4AddrConfig
0000a690   _DMACH4BurstConfig
0000a6c3   _DMACH4ModeConfig
0000a6a0   _DMACH4TransferConfig
0000a6b0   _DMACH4WrapConfig
0000a725   _DMACH5AddrConfig
0000a737   _DMACH5BurstConfig
0000a76a   _DMACH5ModeConfig
0000a747   _DMACH5TransferConfig
0000a757   _DMACH5WrapConfig
0000a7cc   _DMACH6AddrConfig
0000a7de   _DMACH6BurstConfig
0000a811   _DMACH6ModeConfig
0000a7ee   _DMACH6TransferConfig
0000a7fe   _DMACH6WrapConfig
0000a47e   _DMAInitialize
0000b8d4   _DSP28x_DisableInt
0000b8d8   _DSP28x_RestoreInt
00008040   _DSP28x_usDelay
00000880   _DevEmuRegs
0000b2fc   _DisableDog
00001000   _DmaRegs
0000ab2f   _ECAN0INTA_ISR
0000ab43   _ECAN0INTB_ISR
0000ab39   _ECAN1INTA_ISR
0000ab4d   _ECAN1INTB_ISR
0000a9f9   _ECAP1_INT_ISR
0000aa03   _ECAP2_INT_ISR
0000aa0d   _ECAP3_INT_ISR
0000aa17   _ECAP4_INT_ISR
0000aa21   _ECAP5_INT_ISR
0000aa2b   _ECAP6_INT_ISR
00006040   _ECanaLAMRegs
000060c0   _ECanaMOTORegs
00006080   _ECanaMOTSRegs
00006100   _ECanaMboxes
00006000   _ECanaRegs
00006240   _ECanbLAMRegs
000062c0   _ECanbMOTORegs
00006280   _ECanbMOTSRegs
00006300   _ECanbMboxes
00006200   _ECanbRegs
00006a00   _ECap1Regs
00006a20   _ECap2Regs
00006a40   _ECap3Regs
00006a60   _ECap4Regs
00006a80   _ECap5Regs
00006aa0   _ECap6Regs
0000a89b   _EMUINT_ISR
0000a9a9   _EPWM1_INT_ISR
0000a959   _EPWM1_TZINT_ISR
0000a9b3   _EPWM2_INT_ISR
0000a963   _EPWM2_TZINT_ISR
0000a9bd   _EPWM3_INT_ISR
0000a96d   _EPWM3_TZINT_ISR
0000a9c7   _EPWM4_INT_ISR
0000a977   _EPWM4_TZINT_ISR
0000a9d1   _EPWM5_INT_ISR
0000a981   _EPWM5_TZINT_ISR
0000a9db   _EPWM6_INT_ISR
0000a98b   _EPWM6_TZINT_ISR
0000a9e5   _EPWM7_INT_ISR
0000a995   _EPWM7_TZINT_ISR
0000a9ef   _EPWM8_INT_ISR
0000a99f   _EPWM8_TZINT_ISR
0000ab61   _EPWM9_INT_ISR
0000ab57   _EPWM9_TZINT_ISR
00006800   _EPwm1Regs
00006840   _EPwm2Regs
00006880   _EPwm3Regs
000068c0   _EPwm4Regs
00006900   _EPwm5Regs
00006940   _EPwm6Regs
00006980   _EPwm7Regs
000069c0   _EPwm8Regs
00006600   _EPwm9Regs
0000aa35   _EQEP1_INT_ISR
0000aa3f   _EQEP2_INT_ISR
0000aa49   _EQEP3_INT_ISR
00006b00   _EQep1Regs
00006b40   _EQep2Regs
00006b80   _EQep3Regs
0000b83a   _EnableInterrupts
0000c038   _ErrorCount
0000c034   _FailCount
0000a468   _GPIOError
0000a475   _GPIOGood
00006f80   _GpioCtrlRegs
00006fc0   _GpioDataRegs
00006fe0   _GpioIntRegs
0000a0b7   _GpioTest
0000b257   _I2CA_Init
0000b29d   _I2CA_ReadData
0000b26a   _I2CA_WriteData
0000aadf   _I2CINT1A_ISR
0000aae9   _I2CINT2A_ISR
0000b1dd   _I2CMemoryTest
0000c000   _I2CTestComplete
0000c019   _I2cMsgIn1
0000c004   _I2cMsgOut1
00007900   _I2caRegs
0000a8af   _ILLEGAL_ISR
0000a873   _INT13_ISR
0000a87d   _INT14_ISR
0000b58d   _InitCpuTimers
0000b0ab   _InitECan
0000b1ae   _InitECanGpio
0000b0b0   _InitECana
0000b1b3   _InitECanaGpio
0000b12f   _InitECanb
0000b1c9   _InitECanbGpio
0000b6f6   _InitECap
0000b704   _InitECap1Gpio
0000b712   _InitECap2Gpio
0000b71e   _InitECap3Gpio
0000b72a   _InitECap4Gpio
0000b736   _InitECap5Gpio
0000b744   _InitECap6Gpio
0000b6f7   _InitECapGpio
0000adaa   _InitEPwm
0000ae5b   _InitEPwm1Gpio
0000ae6d   _InitEPwm2Gpio
0000ae7f   _InitEPwm3Gpio
0000ae93   _InitEPwm4Gpio
0000aea7   _InitEPwm5Gpio
0000aeb9   _InitEPwm6Gpio
0000aecb   _InitEPwm7Gpio
0000aed9   _InitEPwm8Gpio
0000aee7   _InitEPwm9Gpio
0000ae48   _InitEPwmGpio
0000aef5   _InitEPwmSyncGpio
0000b680   _InitEQep
0000b688   _InitEQep1Gpio
0000b6b2   _InitEQep2Gpio
0000b6d8   _InitEQep3Gpio
0000b681   _InitEQepGpio
0000b895   _InitGpio
0000b8ac   _InitI2C
0000b8ad   _InitI2CGpio
0000af3f   _InitMcbsp
0000b018   _InitMcbspGpio
0000af44   _InitMcbspa
0000afa3   _InitMcbspa12bit
0000afae   _InitMcbspa16bit
0000afb9   _InitMcbspa20bit
0000afc4   _InitMcbspa24bit
0000afcf   _InitMcbspa32bit
0000af9c   _InitMcbspa8bit
0000b01d   _InitMcbspaGpio
0000af70   _InitMcbspb
0000afe1   _InitMcbspb12bit
0000afec   _InitMcbspb16bit
0000aff7   _InitMcbspb20bit
0000b002   _InitMcbspb24bit
0000b00d   _InitMcbspb32bit
0000afda   _InitMcbspb8bit
0000b057   _InitMcbspbGpio
0000b364   _InitPeripheralClocks
0000b775   _InitPeripherial
0000b81b   _InitPieCtrl
0000b843   _InitPieVectTable
0000b304   _InitPll
0000b50a   _InitSci
0000b50b   _InitSciGpio
0000b512   _InitSciaGpio
0000b527   _InitScibGpio
0000b53b   _InitScicGpio
0000b608   _InitSpi
0000b609   _InitSpiGpio
0000b60e   _InitSpiaGpio
0000b634   _InitSpidGpio
0000b2e9   _InitSysCtrl
0000af09   _InitTzGpio
0000abc5   _InitXintf
0000ace2   _InitXintf16Gpio
0000ac35   _InitXintf32Gpio
0000aba7   _LUF_ISR
0000ab9d   _LVF_ISR
0000c037   _LoopCount
0000aa7b   _MRINTA_ISR
0000aa67   _MRINTB_ISR
0000aa85   _MXINTA_ISR
0000aa71   _MXINTB_ISR
00005000   _McbspaRegs
00005040   _McbspbRegs
0000b806   _MemClear
0000b7f1   _MemCopy
0000a8a5   _NMI_ISR
0000abb1   _PIE_RESERVED
0000b4f4   _PSRAMDataFail
0000b501   _PSRAMDataPass
0000c02e   _PSRAMError
0000b476   _PSRAMTest
00200028   _PSRAM_Zone
0000c032   _PassCount
00000ce0   _PieCtrlRegs
00000d00   _PieVectTable
0000e3f4   _PieVectTableInit
0000c05c   _PinError
0000a007   _PinsInitForTest
0000a000   _PinsTest
0000a891   _RTOSINT_ISR
0000c036   _ReceivedChar
0000ab07   _SCIRXINTA_ISR
0000ab1b   _SCIRXINTB_ISR
0000aaf3   _SCIRXINTC_ISR
0000ab11   _SCITXINTA_ISR
0000ab25   _SCITXINTB_ISR
0000aafd   _SCITXINTC_ISR
0000aa53   _SPIRXINTA_ISR
0000aa8f   _SPIRXINTD_ISR
0000aa5d   _SPITXINTA_ISR
0000aa99   _SPITXINTD_ISR
00007050   _SciaRegs
00007750   _ScibRegs
00007770   _ScicRegs
0000b2f2   _ServiceDog
0000b8db   _SetDBGIER
0000a343   _SocPinsTest
00007040   _SpiaRegs
00007780   _SpidRegs
0000a528   _StartDMACH1
0000a5cf   _StartDMACH2
0000a676   _StartDMACH3
0000a71d   _StartDMACH4
0000a7c4   _StartDMACH5
0000a86b   _StartDMACH6
00007010   _SysCtrlRegs
0000a945   _TINT0_ISR
0020001a   _TestProgramm
0000a913   _USER10_ISR
0000a91d   _USER11_ISR
0000a927   _USER12_ISR
0000a8b9   _USER1_ISR
0000a8c3   _USER2_ISR
0000a8cd   _USER3_ISR
0000a8d7   _USER4_ISR
0000a8e1   _USER5_ISR
0000a8eb   _USER6_ISR
0000a8f5   _USER7_ISR
0000a8ff   _USER8_ISR
0000a909   _USER9_ISR
0000c030   _VerifyData
0000a94f   _WAKEINT_ISR
0000a931   _XINT1_ISR
0000a93b   _XINT2_ISR
0000ab6b   _XINT3_ISR
0000ab75   _XINT4_ISR
0000ab7f   _XINT5_ISR
0000ab89   _XINT6_ISR
0000ab93   _XINT7_ISR
00007070   _XIntruptRegs
0000ada9   _XintfRead
00000b20   _XintfRegs
0000ada8   _XintfWrite
0000b908   _XintffuncsLoadEnd
0000b8de   _XintffuncsLoadStart
00200000   _XintffuncsRunStart
0000c02f   _ZoneError
00000700   __STACK_END
00000300   __STACK_SIZE
00000001   __TI_args_main
ffffffff   ___binit__
ffffffff   ___c_args__
00008000   ___cinit__
0000b8de   ___etext__
ffffffff   ___pinit__
0000a000   ___text__
0000b863   __args_main
0000c058   __cleanup_ptr
0000c05a   __dtors_ptr
0000c03e   __lock
0000b8cb   __nop
0000b8c7   __register_lock
0000b8c3   __register_unlock
00000400   __stack
0000c03c   __unlock
0000b87c   _abort
0000b7ab   _c_int00
0000b095   _clkg_delay_loop
00200000   _cpu_timer0_isr
0000b07f   _delay_loop
0000b87e   _exit
0000b2dc   _fail
0000b3e0   _i2c_int1a_isr
0000b752   _main
0000c03a   _msg
0000b2cf   _pass
0000abbb   _rsvd_ISR
0000b551   _scia_echoback_init
0000b564   _scia_fifo_init
0000b578   _scia_msg
0000b56c   _scia_xmit
0000b652   _spi_init
ffffffff   binit
00008000   cinit
00000000   code_start
0000b8de   etext
ffffffff   pinit


GLOBAL SYMBOLS: SORTED BY Symbol Address 

address    name
--------   ----
00000000   code_start
00000001   __TI_args_main
00000300   __STACK_SIZE
00000400   __stack
00000700   __STACK_END
00000880   _DevEmuRegs
00000ae0   _CsmRegs
00000b20   _XintfRegs
00000c00   _CpuTimer0Regs
00000c08   _CpuTimer1Regs
00000c10   _CpuTimer2Regs
00000ce0   _PieCtrlRegs
00000d00   _PieVectTable
00001000   _DmaRegs
00005000   _McbspaRegs
00005040   _McbspbRegs
00006000   _ECanaRegs
00006040   _ECanaLAMRegs
00006080   _ECanaMOTSRegs
000060c0   _ECanaMOTORegs
00006100   _ECanaMboxes
00006200   _ECanbRegs
00006240   _ECanbLAMRegs
00006280   _ECanbMOTSRegs
000062c0   _ECanbMOTORegs
00006300   _ECanbMboxes
00006600   _EPwm9Regs
00006800   _EPwm1Regs
00006840   _EPwm2Regs
00006880   _EPwm3Regs
000068c0   _EPwm4Regs
00006900   _EPwm5Regs
00006940   _EPwm6Regs
00006980   _EPwm7Regs
000069c0   _EPwm8Regs
00006a00   _ECap1Regs
00006a20   _ECap2Regs
00006a40   _ECap3Regs
00006a60   _ECap4Regs
00006a80   _ECap5Regs
00006aa0   _ECap6Regs
00006b00   _EQep1Regs
00006b40   _EQep2Regs
00006b80   _EQep3Regs
00006f80   _GpioCtrlRegs
00006fc0   _GpioDataRegs
00006fe0   _GpioIntRegs
00007010   _SysCtrlRegs
00007040   _SpiaRegs
00007050   _SciaRegs
00007070   _XIntruptRegs
00007750   _ScibRegs
00007770   _ScicRegs
00007780   _SpidRegs
00007900   _I2caRegs
00008000   ___cinit__
00008000   cinit
00008040   _DSP28x_usDelay
0000a000   .text
0000a000   _PinsTest
0000a000   ___text__
0000a007   _PinsInitForTest
0000a0b7   _GpioTest
0000a343   _SocPinsTest
0000a468   _GPIOError
0000a475   _GPIOGood
0000a47e   _DMAInitialize
0000a489   _DMACH1AddrConfig
0000a49b   _DMACH1BurstConfig
0000a4ab   _DMACH1TransferConfig
0000a4bb   _DMACH1WrapConfig
0000a4ce   _DMACH1ModeConfig
0000a528   _StartDMACH1
0000a530   _DMACH2AddrConfig
0000a542   _DMACH2BurstConfig
0000a552   _DMACH2TransferConfig
0000a562   _DMACH2WrapConfig
0000a575   _DMACH2ModeConfig
0000a5cf   _StartDMACH2
0000a5d7   _DMACH3AddrConfig
0000a5e9   _DMACH3BurstConfig
0000a5f9   _DMACH3TransferConfig
0000a609   _DMACH3WrapConfig
0000a61c   _DMACH3ModeConfig
0000a676   _StartDMACH3
0000a67e   _DMACH4AddrConfig
0000a690   _DMACH4BurstConfig
0000a6a0   _DMACH4TransferConfig
0000a6b0   _DMACH4WrapConfig
0000a6c3   _DMACH4ModeConfig
0000a71d   _StartDMACH4
0000a725   _DMACH5AddrConfig
0000a737   _DMACH5BurstConfig
0000a747   _DMACH5TransferConfig
0000a757   _DMACH5WrapConfig
0000a76a   _DMACH5ModeConfig
0000a7c4   _StartDMACH5
0000a7cc   _DMACH6AddrConfig
0000a7de   _DMACH6BurstConfig
0000a7ee   _DMACH6TransferConfig
0000a7fe   _DMACH6WrapConfig
0000a811   _DMACH6ModeConfig
0000a86b   _StartDMACH6
0000a873   _INT13_ISR
0000a87d   _INT14_ISR
0000a887   _DATALOG_ISR
0000a891   _RTOSINT_ISR
0000a89b   _EMUINT_ISR
0000a8a5   _NMI_ISR
0000a8af   _ILLEGAL_ISR
0000a8b9   _USER1_ISR
0000a8c3   _USER2_ISR
0000a8cd   _USER3_ISR
0000a8d7   _USER4_ISR
0000a8e1   _USER5_ISR
0000a8eb   _USER6_ISR
0000a8f5   _USER7_ISR
0000a8ff   _USER8_ISR
0000a909   _USER9_ISR
0000a913   _USER10_ISR
0000a91d   _USER11_ISR
0000a927   _USER12_ISR
0000a931   _XINT1_ISR
0000a93b   _XINT2_ISR
0000a945   _TINT0_ISR
0000a94f   _WAKEINT_ISR
0000a959   _EPWM1_TZINT_ISR
0000a963   _EPWM2_TZINT_ISR
0000a96d   _EPWM3_TZINT_ISR
0000a977   _EPWM4_TZINT_ISR
0000a981   _EPWM5_TZINT_ISR
0000a98b   _EPWM6_TZINT_ISR
0000a995   _EPWM7_TZINT_ISR
0000a99f   _EPWM8_TZINT_ISR
0000a9a9   _EPWM1_INT_ISR
0000a9b3   _EPWM2_INT_ISR
0000a9bd   _EPWM3_INT_ISR
0000a9c7   _EPWM4_INT_ISR
0000a9d1   _EPWM5_INT_ISR
0000a9db   _EPWM6_INT_ISR
0000a9e5   _EPWM7_INT_ISR
0000a9ef   _EPWM8_INT_ISR
0000a9f9   _ECAP1_INT_ISR
0000aa03   _ECAP2_INT_ISR
0000aa0d   _ECAP3_INT_ISR
0000aa17   _ECAP4_INT_ISR
0000aa21   _ECAP5_INT_ISR
0000aa2b   _ECAP6_INT_ISR
0000aa35   _EQEP1_INT_ISR
0000aa3f   _EQEP2_INT_ISR
0000aa49   _EQEP3_INT_ISR
0000aa53   _SPIRXINTA_ISR
0000aa5d   _SPITXINTA_ISR
0000aa67   _MRINTB_ISR
0000aa71   _MXINTB_ISR
0000aa7b   _MRINTA_ISR
0000aa85   _MXINTA_ISR
0000aa8f   _SPIRXINTD_ISR
0000aa99   _SPITXINTD_ISR
0000aaa3   _DINTCH1_ISR
0000aaad   _DINTCH2_ISR
0000aab7   _DINTCH3_ISR
0000aac1   _DINTCH4_ISR
0000aacb   _DINTCH5_ISR
0000aad5   _DINTCH6_ISR
0000aadf   _I2CINT1A_ISR
0000aae9   _I2CINT2A_ISR
0000aaf3   _SCIRXINTC_ISR
0000aafd   _SCITXINTC_ISR
0000ab07   _SCIRXINTA_ISR
0000ab11   _SCITXINTA_ISR
0000ab1b   _SCIRXINTB_ISR
0000ab25   _SCITXINTB_ISR
0000ab2f   _ECAN0INTA_ISR
0000ab39   _ECAN1INTA_ISR
0000ab43   _ECAN0INTB_ISR
0000ab4d   _ECAN1INTB_ISR
0000ab57   _EPWM9_TZINT_ISR
0000ab61   _EPWM9_INT_ISR
0000ab6b   _XINT3_ISR
0000ab75   _XINT4_ISR
0000ab7f   _XINT5_ISR
0000ab89   _XINT6_ISR
0000ab93   _XINT7_ISR
0000ab9d   _LVF_ISR
0000aba7   _LUF_ISR
0000abb1   _PIE_RESERVED
0000abbb   _rsvd_ISR
0000abc5   _InitXintf
0000ac35   _InitXintf32Gpio
0000ace2   _InitXintf16Gpio
0000ada8   _XintfWrite
0000ada9   _XintfRead
0000adaa   _InitEPwm
0000ae48   _InitEPwmGpio
0000ae5b   _InitEPwm1Gpio
0000ae6d   _InitEPwm2Gpio
0000ae7f   _InitEPwm3Gpio
0000ae93   _InitEPwm4Gpio
0000aea7   _InitEPwm5Gpio
0000aeb9   _InitEPwm6Gpio
0000aecb   _InitEPwm7Gpio
0000aed9   _InitEPwm8Gpio
0000aee7   _InitEPwm9Gpio
0000aef5   _InitEPwmSyncGpio
0000af09   _InitTzGpio
0000af3f   _InitMcbsp
0000af44   _InitMcbspa
0000af70   _InitMcbspb
0000af9c   _InitMcbspa8bit
0000afa3   _InitMcbspa12bit
0000afae   _InitMcbspa16bit
0000afb9   _InitMcbspa20bit
0000afc4   _InitMcbspa24bit
0000afcf   _InitMcbspa32bit
0000afda   _InitMcbspb8bit
0000afe1   _InitMcbspb12bit
0000afec   _InitMcbspb16bit
0000aff7   _InitMcbspb20bit
0000b002   _InitMcbspb24bit
0000b00d   _InitMcbspb32bit
0000b018   _InitMcbspGpio
0000b01d   _InitMcbspaGpio
0000b057   _InitMcbspbGpio
0000b07f   _delay_loop
0000b095   _clkg_delay_loop
0000b0ab   _InitECan
0000b0b0   _InitECana
0000b12f   _InitECanb
0000b1ae   _InitECanGpio
0000b1b3   _InitECanaGpio
0000b1c9   _InitECanbGpio
0000b1dd   _I2CMemoryTest
0000b257   _I2CA_Init
0000b26a   _I2CA_WriteData
0000b29d   _I2CA_ReadData
0000b2cf   _pass
0000b2dc   _fail
0000b2e9   _InitSysCtrl
0000b2f2   _ServiceDog
0000b2fc   _DisableDog
0000b304   _InitPll
0000b364   _InitPeripheralClocks
0000b3c4   _CsmUnlock
0000b3e0   _i2c_int1a_isr
0000b476   _PSRAMTest
0000b4f4   _PSRAMDataFail
0000b501   _PSRAMDataPass
0000b50a   _InitSci
0000b50b   _InitSciGpio
0000b512   _InitSciaGpio
0000b527   _InitScibGpio
0000b53b   _InitScicGpio
0000b551   _scia_echoback_init
0000b564   _scia_fifo_init
0000b56c   _scia_xmit
0000b578   _scia_msg
0000b58d   _InitCpuTimers
0000b5c6   _ConfigCpuTimer
0000b608   _InitSpi
0000b609   _InitSpiGpio
0000b60e   _InitSpiaGpio
0000b634   _InitSpidGpio
0000b652   _spi_init
0000b680   _InitEQep
0000b681   _InitEQepGpio
0000b688   _InitEQep1Gpio
0000b6b2   _InitEQep2Gpio
0000b6d8   _InitEQep3Gpio
0000b6f6   _InitECap
0000b6f7   _InitECapGpio
0000b704   _InitECap1Gpio
0000b712   _InitECap2Gpio
0000b71e   _InitECap3Gpio
0000b72a   _InitECap4Gpio
0000b736   _InitECap5Gpio
0000b744   _InitECap6Gpio
0000b752   _main
0000b775   _InitPeripherial
0000b7ab   _c_int00
0000b7f1   _MemCopy
0000b806   _MemClear
0000b81b   _InitPieCtrl
0000b83a   _EnableInterrupts
0000b843   _InitPieVectTable
0000b863   __args_main
0000b87c   C$$EXIT
0000b87c   _abort
0000b87e   _exit
0000b895   _InitGpio
0000b8ac   _InitI2C
0000b8ad   _InitI2CGpio
0000b8c3   __register_unlock
0000b8c7   __register_lock
0000b8cb   __nop
0000b8d4   _DSP28x_DisableInt
0000b8d8   _DSP28x_RestoreInt
0000b8db   _SetDBGIER
0000b8de   _XintffuncsLoadStart
0000b8de   ___etext__
0000b8de   etext
0000b908   _XintffuncsLoadEnd
0000c000   _I2CTestComplete
0000c002   _CurrentMsgPtr
0000c004   _I2cMsgOut1
0000c019   _I2cMsgIn1
0000c02e   _PSRAMError
0000c02f   _ZoneError
0000c030   _VerifyData
0000c032   _PassCount
0000c034   _FailCount
0000c036   _ReceivedChar
0000c037   _LoopCount
0000c038   _ErrorCount
0000c03a   _msg
0000c03c   __unlock
0000c03e   __lock
0000c040   _CpuTimer1
0000c048   _CpuTimer2
0000c050   _CpuTimer0
0000c058   __cleanup_ptr
0000c05a   __dtors_ptr
0000c05c   _PinError
0000e3f4   _PieVectTableInit
00200000   _XintffuncsRunStart
00200000   _cpu_timer0_isr
0020001a   _TestProgramm
00200028   _PSRAM_Zone
0033fff8   _CsmPwl
ffffffff   ___binit__
ffffffff   ___c_args__
ffffffff   ___pinit__
ffffffff   binit
ffffffff   pinit

[334 symbols]
