******************************************************************************
             TMS320C2000 Linker PC v6.1.0                      
******************************************************************************
>> Linked Thu Jun 20 08:06:15 2013

OUTPUT FILE NAME:   <C28346_Load_Program_to_Flash.out>
ENTRY POINT SYMBOL: "_c_int00"  address: 0000b0d4


MEMORY CONFIGURATION

         name            origin    length      used     unused   attr    fill
----------------------  --------  ---------  --------  --------  ----  --------
PAGE 0:
  BEGIN                 00000000   00000002  00000002  00000000  RWIX
  RAMM0                 00000052   000003ae  00000000  000003ae  RWIX
  RAML0                 00008000   00002000  0000002e  00001fd2  RWIX
  RAML1                 0000a000   00002000  000011fa  00000e06  RWIX
  ZONE7A                00200000   0000fc00  00000000  0000fc00  RWIX
  RAMH0                 00300000   00008000  00000000  00008000  RWIX
  RAMH1                 00308000   00008000  00000000  00008000  RWIX
  RAMH2                 00310000   00008000  00000000  00008000  RWIX
  CSM_RSVD              0033ff80   00000076  00000000  00000076  RWIX
  CSM_PWL_PROG          0033fff8   00000008  00000000  00000008  RWIX
  IQTABLES              003fe000   00000b50  00000000  00000b50  RWIX
  IQTABLES2             003feb50   0000008c  00000000  0000008c  RWIX
  FPUTABLES             003febdc   000006a0  00000000  000006a0  RWIX
  BOOTROM               003ff27c   00000d44  00000000  00000d44  RWIX
  RESET                 003fffc0   00000002  00000000  00000002  RWIX

PAGE 1:
  BOOT_RSVD             00000002   00000050  00000000  00000050  RWIX
  RAMM1                 00000400   00000400  00000300  00000100  RWIX
  DEV_EMU               00000880   00000180  000000d0  000000b0  RWIX
  CSM                   00000ae0   00000010  00000010  00000000  RWIX
  XINTF                 00000b20   00000020  0000001e  00000002  RWIX
  CPU_TIMER0            00000c00   00000008  00000008  00000000  RWIX
  CPU_TIMER1            00000c08   00000008  00000008  00000000  RWIX
  CPU_TIMER2            00000c10   00000008  00000008  00000000  RWIX
  PIE_CTRL              00000ce0   00000020  0000001a  00000006  RWIX
  PIE_VECT              00000d00   00000100  00000100  00000000  RWIX
  DMA                   00001000   00000200  000000e0  00000120  RWIX
  MCBSPA                00005000   00000040  00000025  0000001b  RWIX
  MCBSPB                00005040   00000040  00000025  0000001b  RWIX
  ECANA                 00006000   00000040  00000034  0000000c  RWIX
  ECANA_LAM             00006040   00000040  00000040  00000000  RWIX
  ECANA_MOTS            00006080   00000040  00000040  00000000  RWIX
  ECANA_MOTO            000060c0   00000040  00000040  00000000  RWIX
  ECANA_MBOX            00006100   00000100  00000100  00000000  RWIX
  ECANB                 00006200   00000040  00000034  0000000c  RWIX
  ECANB_LAM             00006240   00000040  00000040  00000000  RWIX
  ECANB_MOTS            00006280   00000040  00000040  00000000  RWIX
  ECANB_MOTO            000062c0   00000040  00000040  00000000  RWIX
  ECANB_MBOX            00006300   00000100  00000100  00000000  RWIX
  EPWM9                 00006600   00000022  00000022  00000000  RWIX
  EPWM1                 00006800   00000022  00000022  00000000  RWIX
  EPWM2                 00006840   00000022  00000022  00000000  RWIX
  EPWM3                 00006880   00000022  00000022  00000000  RWIX
  EPWM4                 000068c0   00000022  00000022  00000000  RWIX
  EPWM5                 00006900   00000022  00000022  00000000  RWIX
  EPWM6                 00006940   00000022  00000022  00000000  RWIX
  EPWM7                 00006980   00000022  00000022  00000000  RWIX
  EPWM8                 000069c0   00000022  00000022  00000000  RWIX
  ECAP1                 00006a00   00000020  00000020  00000000  RWIX
  ECAP2                 00006a20   00000020  00000020  00000000  RWIX
  ECAP3                 00006a40   00000020  00000020  00000000  RWIX
  ECAP4                 00006a60   00000020  00000020  00000000  RWIX
  ECAP5                 00006a80   00000020  00000020  00000000  RWIX
  ECAP6                 00006aa0   00000020  00000020  00000000  RWIX
  EQEP1                 00006b00   00000040  00000040  00000000  RWIX
  EQEP2                 00006b40   00000040  00000040  00000000  RWIX
  EQEP3                 00006b80   00000040  00000040  00000000  RWIX
  GPIOCTRL              00006f80   00000040  0000002e  00000012  RWIX
  GPIODAT               00006fc0   00000020  00000020  00000000  RWIX
  GPIOINT               00006fe0   00000020  0000000a  00000016  RWIX
  SYSTEM                00007010   00000021  00000020  00000001  RWIX
  SPIA                  00007040   00000010  00000010  00000000  RWIX
  SCIA                  00007050   00000010  00000010  00000000  RWIX
  XINTRUPT              00007070   00000010  00000010  00000000  RWIX
  SCIB                  00007750   00000010  00000010  00000000  RWIX
  SCIC                  00007770   00000010  00000010  00000000  RWIX
  SPID                  00007780   00000010  00000010  00000000  RWIX
  I2CA                  00007900   00000040  00000022  0000001e  RWIX
  RAML2_L7              0000c000   0000c000  00005295  00006d6b  RWIX
  ZONE7B                0020fc00   00000400  00000000  00000400  RWIX
  RAMH3                 00318000   00008000  00000000  00008000  RWIX
  RAMH4                 00320000   00008000  00000000  00008000  RWIX
  RAMH5                 00328000   00008000  00000000  00008000  RWIX
  CSM_PWL               0033fff8   00000008  00000008  00000000  RWIX


SECTION ALLOCATION MAP

 output                                  attributes/
section   page    origin      length       input sections
--------  ----  ----------  ----------   ----------------
codestart 
*          0    00000000    00000002     
                  00000000    00000002     DSP2834x_CodeStartBranch.obj (codestart)

.pinit     0    00008000    00000000     UNINITIALIZED

.cinit     0    00008000    0000002a     
                  00008000    0000000c     main.obj (.cinit)
                  0000800c    0000000a     rts2800_fpu32.lib : _lock.obj (.cinit)
                  00008016    0000000a                       : exit.obj (.cinit)
                  00008020    00000008     Program_to_Load.obj (.cinit)
                  00008028    00000002     --HOLE-- [fill = 0]

ramfuncs   0    0000802a    00000004     
                  0000802a    00000004     DSP2834x_usDelay.obj (ramfuncs)

.text      0    0000a000    000011fa     
                  0000a000    000003f5     DSP2834x_DMA.obj (.text)
                  0000a3f5    00000352     DSP2834x_DefaultIsr.obj (.text:retain)
                  0000a747    000001b4     DSP2834x_Xintf.obj (.text)
                  0000a8fb    0000016d     main.obj (.text)
                  0000aa68    0000016c     DSP2834x_Mcbsp.obj (.text)
                  0000abd4    00000132     DSP2834x_ECan.obj (.text)
                  0000ad06    000000f8     DSP2834x_EPwm.obj (.text)
                  0000adfe    000000f7     DSP2834x_SysCtrl.obj (.text)
                  0000aef5    0000007b     DSP2834x_CpuTimers.obj (.text)
                  0000af70    00000076     DSP2834x_EQep.obj (.text)
                  0000afe6    0000005c     DSP2834x_ECap.obj (.text)
                  0000b042    0000004a     DSP2834x_Spi.obj (.text)
                  0000b08c    00000048     DSP2834x_Sci.obj (.text)
                  0000b0d4    00000046     rts2800_fpu32.lib : boot.obj (.text)
                  0000b11a    00000028     DSP2834x_PieCtrl.obj (.text)
                  0000b142    00000020     DSP2834x_PieVect.obj (.text)
                  0000b162    0000001f     DSP2834x_Gpio.obj (.text)
                  0000b181    00000019     rts2800_fpu32.lib : args_main.obj (.text)
                  0000b19a    00000019                       : exit.obj (.text)
                  0000b1b3    00000017     DSP2834x_I2C.obj (.text)
                  0000b1ca    00000015     DSP2834x_MemCopy.obj (.text)
                  0000b1df    00000009     rts2800_fpu32.lib : _lock.obj (.text)
                  0000b1e8    00000008     DSP2834x_CodeStartBranch.obj (.text)
                  0000b1f0    00000007     DSP2834x_DisInt.obj (.text)
                  0000b1f7    00000003     DSP2834x_DBGIER.obj (.text)

csm_rsvd   0    0033ff80    00000000     DSECT

csmpasswds 
*          0    0033fff8    00000000     DSECT

.reset     0    003fffc0    00000002     DSECT
                  003fffc0    00000002     rts2800_fpu32.lib : boot.obj (.reset)

.stack     1    00000400    00000300     UNINITIALIZED
                  00000400    00000300     --HOLE--

DevEmuRegsFile 
*          1    00000880    000000d0     UNINITIALIZED
                  00000880    000000d0     DSP2834x_GlobalVariableDefs.obj (DevEmuRegsFile)

CsmRegsFile 
*          1    00000ae0    00000010     UNINITIALIZED
                  00000ae0    00000010     DSP2834x_GlobalVariableDefs.obj (CsmRegsFile)

XintfRegsFile 
*          1    00000b20    0000001e     UNINITIALIZED
                  00000b20    0000001e     DSP2834x_GlobalVariableDefs.obj (XintfRegsFile)

CpuTimer0RegsFile 
*          1    00000c00    00000008     UNINITIALIZED
                  00000c00    00000008     DSP2834x_GlobalVariableDefs.obj (CpuTimer0RegsFile)

CpuTimer1RegsFile 
*          1    00000c08    00000008     UNINITIALIZED
                  00000c08    00000008     DSP2834x_GlobalVariableDefs.obj (CpuTimer1RegsFile)

CpuTimer2RegsFile 
*          1    00000c10    00000008     UNINITIALIZED
                  00000c10    00000008     DSP2834x_GlobalVariableDefs.obj (CpuTimer2RegsFile)

PieCtrlRegsFile 
*          1    00000ce0    0000001a     UNINITIALIZED
                  00000ce0    0000001a     DSP2834x_GlobalVariableDefs.obj (PieCtrlRegsFile)

PieVectTableFile 
*          1    00000d00    00000100     UNINITIALIZED
                  00000d00    00000100     DSP2834x_GlobalVariableDefs.obj (PieVectTableFile)

DmaRegsFile 
*          1    00001000    000000e0     UNINITIALIZED
                  00001000    000000e0     DSP2834x_GlobalVariableDefs.obj (DmaRegsFile)

McbspaRegsFile 
*          1    00005000    00000025     UNINITIALIZED
                  00005000    00000025     DSP2834x_GlobalVariableDefs.obj (McbspaRegsFile)

McbspbRegsFile 
*          1    00005040    00000025     UNINITIALIZED
                  00005040    00000025     DSP2834x_GlobalVariableDefs.obj (McbspbRegsFile)

ECanaRegsFile 
*          1    00006000    00000034     UNINITIALIZED
                  00006000    00000034     DSP2834x_GlobalVariableDefs.obj (ECanaRegsFile)

ECanaLAMRegsFile 
*          1    00006040    00000040     UNINITIALIZED
                  00006040    00000040     DSP2834x_GlobalVariableDefs.obj (ECanaLAMRegsFile)

ECanaMOTSRegsFile 
*          1    00006080    00000040     UNINITIALIZED
                  00006080    00000040     DSP2834x_GlobalVariableDefs.obj (ECanaMOTSRegsFile)

ECanaMOTORegsFile 
*          1    000060c0    00000040     UNINITIALIZED
                  000060c0    00000040     DSP2834x_GlobalVariableDefs.obj (ECanaMOTORegsFile)

ECanaMboxesFile 
*          1    00006100    00000100     UNINITIALIZED
                  00006100    00000100     DSP2834x_GlobalVariableDefs.obj (ECanaMboxesFile)

ECanbRegsFile 
*          1    00006200    00000034     UNINITIALIZED
                  00006200    00000034     DSP2834x_GlobalVariableDefs.obj (ECanbRegsFile)

ECanbLAMRegsFile 
*          1    00006240    00000040     UNINITIALIZED
                  00006240    00000040     DSP2834x_GlobalVariableDefs.obj (ECanbLAMRegsFile)

ECanbMOTSRegsFile 
*          1    00006280    00000040     UNINITIALIZED
                  00006280    00000040     DSP2834x_GlobalVariableDefs.obj (ECanbMOTSRegsFile)

ECanbMOTORegsFile 
*          1    000062c0    00000040     UNINITIALIZED
                  000062c0    00000040     DSP2834x_GlobalVariableDefs.obj (ECanbMOTORegsFile)

ECanbMboxesFile 
*          1    00006300    00000100     UNINITIALIZED
                  00006300    00000100     DSP2834x_GlobalVariableDefs.obj (ECanbMboxesFile)

EPwm9RegsFile 
*          1    00006600    00000022     UNINITIALIZED
                  00006600    00000022     DSP2834x_GlobalVariableDefs.obj (EPwm9RegsFile)

EPwm1RegsFile 
*          1    00006800    00000022     UNINITIALIZED
                  00006800    00000022     DSP2834x_GlobalVariableDefs.obj (EPwm1RegsFile)

EPwm2RegsFile 
*          1    00006840    00000022     UNINITIALIZED
                  00006840    00000022     DSP2834x_GlobalVariableDefs.obj (EPwm2RegsFile)

EPwm3RegsFile 
*          1    00006880    00000022     UNINITIALIZED
                  00006880    00000022     DSP2834x_GlobalVariableDefs.obj (EPwm3RegsFile)

EPwm4RegsFile 
*          1    000068c0    00000022     UNINITIALIZED
                  000068c0    00000022     DSP2834x_GlobalVariableDefs.obj (EPwm4RegsFile)

EPwm5RegsFile 
*          1    00006900    00000022     UNINITIALIZED
                  00006900    00000022     DSP2834x_GlobalVariableDefs.obj (EPwm5RegsFile)

EPwm6RegsFile 
*          1    00006940    00000022     UNINITIALIZED
                  00006940    00000022     DSP2834x_GlobalVariableDefs.obj (EPwm6RegsFile)

EPwm7RegsFile 
*          1    00006980    00000022     UNINITIALIZED
                  00006980    00000022     DSP2834x_GlobalVariableDefs.obj (EPwm7RegsFile)

EPwm8RegsFile 
*          1    000069c0    00000022     UNINITIALIZED
                  000069c0    00000022     DSP2834x_GlobalVariableDefs.obj (EPwm8RegsFile)

ECap1RegsFile 
*          1    00006a00    00000020     UNINITIALIZED
                  00006a00    00000020     DSP2834x_GlobalVariableDefs.obj (ECap1RegsFile)

ECap2RegsFile 
*          1    00006a20    00000020     UNINITIALIZED
                  00006a20    00000020     DSP2834x_GlobalVariableDefs.obj (ECap2RegsFile)

ECap3RegsFile 
*          1    00006a40    00000020     UNINITIALIZED
                  00006a40    00000020     DSP2834x_GlobalVariableDefs.obj (ECap3RegsFile)

ECap4RegsFile 
*          1    00006a60    00000020     UNINITIALIZED
                  00006a60    00000020     DSP2834x_GlobalVariableDefs.obj (ECap4RegsFile)

ECap5RegsFile 
*          1    00006a80    00000020     UNINITIALIZED
                  00006a80    00000020     DSP2834x_GlobalVariableDefs.obj (ECap5RegsFile)

ECap6RegsFile 
*          1    00006aa0    00000020     UNINITIALIZED
                  00006aa0    00000020     DSP2834x_GlobalVariableDefs.obj (ECap6RegsFile)

EQep1RegsFile 
*          1    00006b00    00000040     UNINITIALIZED
                  00006b00    00000040     DSP2834x_GlobalVariableDefs.obj (EQep1RegsFile)

EQep2RegsFile 
*          1    00006b40    00000040     UNINITIALIZED
                  00006b40    00000040     DSP2834x_GlobalVariableDefs.obj (EQep2RegsFile)

EQep3RegsFile 
*          1    00006b80    00000040     UNINITIALIZED
                  00006b80    00000040     DSP2834x_GlobalVariableDefs.obj (EQep3RegsFile)

GpioCtrlRegsFile 
*          1    00006f80    0000002e     UNINITIALIZED
                  00006f80    0000002e     DSP2834x_GlobalVariableDefs.obj (GpioCtrlRegsFile)

GpioDataRegsFile 
*          1    00006fc0    00000020     UNINITIALIZED
                  00006fc0    00000020     DSP2834x_GlobalVariableDefs.obj (GpioDataRegsFile)

GpioIntRegsFile 
*          1    00006fe0    0000000a     UNINITIALIZED
                  00006fe0    0000000a     DSP2834x_GlobalVariableDefs.obj (GpioIntRegsFile)

SysCtrlRegsFile 
*          1    00007010    00000020     UNINITIALIZED
                  00007010    00000020     DSP2834x_GlobalVariableDefs.obj (SysCtrlRegsFile)

SpiaRegsFile 
*          1    00007040    00000010     UNINITIALIZED
                  00007040    00000010     DSP2834x_GlobalVariableDefs.obj (SpiaRegsFile)

SciaRegsFile 
*          1    00007050    00000010     UNINITIALIZED
                  00007050    00000010     DSP2834x_GlobalVariableDefs.obj (SciaRegsFile)

XIntruptRegsFile 
*          1    00007070    00000010     UNINITIALIZED
                  00007070    00000010     DSP2834x_GlobalVariableDefs.obj (XIntruptRegsFile)

ScibRegsFile 
*          1    00007750    00000010     UNINITIALIZED
                  00007750    00000010     DSP2834x_GlobalVariableDefs.obj (ScibRegsFile)

ScicRegsFile 
*          1    00007770    00000010     UNINITIALIZED
                  00007770    00000010     DSP2834x_GlobalVariableDefs.obj (ScicRegsFile)

SpidRegsFile 
*          1    00007780    00000010     UNINITIALIZED
                  00007780    00000010     DSP2834x_GlobalVariableDefs.obj (SpidRegsFile)

I2caRegsFile 
*          1    00007900    00000022     UNINITIALIZED
                  00007900    00000022     DSP2834x_GlobalVariableDefs.obj (I2caRegsFile)

.econst    1    0000c000    00002997     
                  0000c000    00002896     Program_to_Load.obj (.econst:_flash_data)
                  0000e896    00000100     DSP2834x_PieVect.obj (.econst)
                  0000e996    00000001     main.obj (.econst)

.ebss      1    0000e998    000028fe     UNINITIALIZED
                  0000e998    00000018     DSP2834x_CpuTimers.obj (.ebss)
                  0000e9b0    00000004     rts2800_fpu32.lib : _lock.obj (.ebss)
                  0000e9b4    00000004                       : exit.obj (.ebss)
                  0000e9b8    00000003     main.obj (.ebss)
                  0000e9bb    00000005     --HOLE--
                  0000e9c0    000028d6     Program_to_Load.obj (.ebss)

CsmPwlFile 
*          1    0033fff8    00000008     UNINITIALIZED
                  0033fff8    00000008     DSP2834x_GlobalVariableDefs.obj (CsmPwlFile)


GLOBAL SYMBOLS: SORTED ALPHABETICALLY BY Name 

address    name
--------   ----
0000a000   .text
0000b19a   C$$EXIT
0000e996   _BufferSize
0000a9e3   _BufferToMemorySend
0000a989   _BufferWrite
0000af2e   _ConfigCpuTimer
0000e9a8   _CpuTimer0
00000c00   _CpuTimer0Regs
0000e998   _CpuTimer1
00000c08   _CpuTimer1Regs
0000e9a0   _CpuTimer2
00000c10   _CpuTimer2Regs
0033fff8   _CsmPwl
00000ae0   _CsmRegs
0000aed9   _CsmUnlock
0000a409   _DATALOG_ISR
0000a625   _DINTCH1_ISR
0000a62f   _DINTCH2_ISR
0000a639   _DINTCH3_ISR
0000a643   _DINTCH4_ISR
0000a64d   _DINTCH5_ISR
0000a657   _DINTCH6_ISR
0000a00b   _DMACH1AddrConfig
0000a01d   _DMACH1BurstConfig
0000a050   _DMACH1ModeConfig
0000a02d   _DMACH1TransferConfig
0000a03d   _DMACH1WrapConfig
0000a0b2   _DMACH2AddrConfig
0000a0c4   _DMACH2BurstConfig
0000a0f7   _DMACH2ModeConfig
0000a0d4   _DMACH2TransferConfig
0000a0e4   _DMACH2WrapConfig
0000a159   _DMACH3AddrConfig
0000a16b   _DMACH3BurstConfig
0000a19e   _DMACH3ModeConfig
0000a17b   _DMACH3TransferConfig
0000a18b   _DMACH3WrapConfig
0000a200   _DMACH4AddrConfig
0000a212   _DMACH4BurstConfig
0000a245   _DMACH4ModeConfig
0000a222   _DMACH4TransferConfig
0000a232   _DMACH4WrapConfig
0000a2a7   _DMACH5AddrConfig
0000a2b9   _DMACH5BurstConfig
0000a2ec   _DMACH5ModeConfig
0000a2c9   _DMACH5TransferConfig
0000a2d9   _DMACH5WrapConfig
0000a34e   _DMACH6AddrConfig
0000a360   _DMACH6BurstConfig
0000a393   _DMACH6ModeConfig
0000a370   _DMACH6TransferConfig
0000a380   _DMACH6WrapConfig
0000a000   _DMAInitialize
0000b1f0   _DSP28x_DisableInt
0000b1f4   _DSP28x_RestoreInt
0000802a   _DSP28x_usDelay
0000e9c0   _DataSize
0000e9c1   _DataSizeToTransmit
00000880   _DevEmuRegs
0000ae11   _DisableDog
00001000   _DmaRegs
0000a6b1   _ECAN0INTA_ISR
0000a6c5   _ECAN0INTB_ISR
0000a6bb   _ECAN1INTA_ISR
0000a6cf   _ECAN1INTB_ISR
0000a57b   _ECAP1_INT_ISR
0000a585   _ECAP2_INT_ISR
0000a58f   _ECAP3_INT_ISR
0000a599   _ECAP4_INT_ISR
0000a5a3   _ECAP5_INT_ISR
0000a5ad   _ECAP6_INT_ISR
00006040   _ECanaLAMRegs
000060c0   _ECanaMOTORegs
00006080   _ECanaMOTSRegs
00006100   _ECanaMboxes
00006000   _ECanaRegs
00006240   _ECanbLAMRegs
000062c0   _ECanbMOTORegs
00006280   _ECanbMOTSRegs
00006300   _ECanbMboxes
00006200   _ECanbRegs
00006a00   _ECap1Regs
00006a20   _ECap2Regs
00006a40   _ECap3Regs
00006a60   _ECap4Regs
00006a80   _ECap5Regs
00006aa0   _ECap6Regs
0000a41d   _EMUINT_ISR
0000a52b   _EPWM1_INT_ISR
0000a4db   _EPWM1_TZINT_ISR
0000a535   _EPWM2_INT_ISR
0000a4e5   _EPWM2_TZINT_ISR
0000a53f   _EPWM3_INT_ISR
0000a4ef   _EPWM3_TZINT_ISR
0000a549   _EPWM4_INT_ISR
0000a4f9   _EPWM4_TZINT_ISR
0000a553   _EPWM5_INT_ISR
0000a503   _EPWM5_TZINT_ISR
0000a55d   _EPWM6_INT_ISR
0000a50d   _EPWM6_TZINT_ISR
0000a567   _EPWM7_INT_ISR
0000a517   _EPWM7_TZINT_ISR
0000a571   _EPWM8_INT_ISR
0000a521   _EPWM8_TZINT_ISR
0000a6e3   _EPWM9_INT_ISR
0000a6d9   _EPWM9_TZINT_ISR
00006800   _EPwm1Regs
00006840   _EPwm2Regs
00006880   _EPwm3Regs
000068c0   _EPwm4Regs
00006900   _EPwm5Regs
00006940   _EPwm6Regs
00006980   _EPwm7Regs
000069c0   _EPwm8Regs
00006600   _EPwm9Regs
0000a5b7   _EQEP1_INT_ISR
0000a5c1   _EQEP2_INT_ISR
0000a5cb   _EQEP3_INT_ISR
00006b00   _EQep1Regs
00006b40   _EQep2Regs
00006b80   _EQep3Regs
0000b139   _EnableInterrupts
0000aa4e   _FlashErase
0000aa03   _FlashRead
0000a978   _FlashWrite
00006f80   _GpioCtrlRegs
00006fc0   _GpioDataRegs
00006fe0   _GpioIntRegs
0000a661   _I2CINT1A_ISR
0000a66b   _I2CINT2A_ISR
00007900   _I2caRegs
0000a431   _ILLEGAL_ISR
0000a3f5   _INT13_ISR
0000a3ff   _INT14_ISR
0000aef5   _InitCpuTimers
0000abd4   _InitECan
0000acd7   _InitECanGpio
0000abd9   _InitECana
0000acdc   _InitECanaGpio
0000ac58   _InitECanb
0000acf2   _InitECanbGpio
0000afe6   _InitECap
0000aff4   _InitECap1Gpio
0000b002   _InitECap2Gpio
0000b00e   _InitECap3Gpio
0000b01a   _InitECap4Gpio
0000b026   _InitECap5Gpio
0000b034   _InitECap6Gpio
0000afe7   _InitECapGpio
0000ad06   _InitEPwm
0000ad1a   _InitEPwm1Gpio
0000ad2c   _InitEPwm2Gpio
0000ad3e   _InitEPwm3Gpio
0000ad52   _InitEPwm4Gpio
0000ad66   _InitEPwm5Gpio
0000ad78   _InitEPwm6Gpio
0000ad8a   _InitEPwm7Gpio
0000ad98   _InitEPwm8Gpio
0000ada6   _InitEPwm9Gpio
0000ad07   _InitEPwmGpio
0000adb4   _InitEPwmSyncGpio
0000af70   _InitEQep
0000af78   _InitEQep1Gpio
0000afa2   _InitEQep2Gpio
0000afc8   _InitEQep3Gpio
0000af71   _InitEQepGpio
0000b162   _InitGpio
0000b1b3   _InitI2C
0000b1b4   _InitI2CGpio
0000aa68   _InitMcbsp
0000ab41   _InitMcbspGpio
0000aa6d   _InitMcbspa
0000aacc   _InitMcbspa12bit
0000aad7   _InitMcbspa16bit
0000aae2   _InitMcbspa20bit
0000aaed   _InitMcbspa24bit
0000aaf8   _InitMcbspa32bit
0000aac5   _InitMcbspa8bit
0000ab46   _InitMcbspaGpio
0000aa99   _InitMcbspb
0000ab0a   _InitMcbspb12bit
0000ab15   _InitMcbspb16bit
0000ab20   _InitMcbspb20bit
0000ab2b   _InitMcbspb24bit
0000ab36   _InitMcbspb32bit
0000ab03   _InitMcbspb8bit
0000ab80   _InitMcbspbGpio
0000ae79   _InitPeripheralClocks
0000b11a   _InitPieCtrl
0000b142   _InitPieVectTable
0000ae19   _InitPll
0000b08c   _InitSci
0000b08d   _InitSciGpio
0000b094   _InitSciaGpio
0000b0aa   _InitScibGpio
0000b0be   _InitScicGpio
0000b042   _InitSpi
0000b043   _InitSpiGpio
0000b048   _InitSpiaGpio
0000b06e   _InitSpidGpio
0000adfe   _InitSysCtrl
0000adc8   _InitTzGpio
0000a747   _InitXintf
0000a835   _InitXintf16Gpio
0000a79e   _InitXintf32Gpio
0000a729   _LUF_ISR
0000a71f   _LVF_ISR
0000a5fd   _MRINTA_ISR
0000a5e9   _MRINTB_ISR
0000a607   _MXINTA_ISR
0000a5f3   _MXINTB_ISR
00005000   _McbspaRegs
00005040   _McbspbRegs
0000b1ca   _MemCopy
0000a427   _NMI_ISR
0000a733   _PIE_RESERVED
00000ce0   _PieCtrlRegs
00000d00   _PieVectTable
0000e896   _PieVectTableInit
0000a413   _RTOSINT_ISR
0000a689   _SCIRXINTA_ISR
0000a69d   _SCIRXINTB_ISR
0000a675   _SCIRXINTC_ISR
0000a693   _SCITXINTA_ISR
0000a6a7   _SCITXINTB_ISR
0000a67f   _SCITXINTC_ISR
0000a5d5   _SPIRXINTA_ISR
0000a611   _SPIRXINTD_ISR
0000a5df   _SPITXINTA_ISR
0000a61b   _SPITXINTD_ISR
00007050   _SciaRegs
00007750   _ScibRegs
00007770   _ScicRegs
0000ae07   _ServiceDog
0000b1f7   _SetDBGIER
00007040   _SpiaRegs
00007780   _SpidRegs
0000a0aa   _StartDMACH1
0000a151   _StartDMACH2
0000a1f8   _StartDMACH3
0000a29f   _StartDMACH4
0000a346   _StartDMACH5
0000a3ed   _StartDMACH6
00007010   _SysCtrlRegs
0000a4c7   _TINT0_ISR
0000a495   _USER10_ISR
0000a49f   _USER11_ISR
0000a4a9   _USER12_ISR
0000a43b   _USER1_ISR
0000a445   _USER2_ISR
0000a44f   _USER3_ISR
0000a459   _USER4_ISR
0000a463   _USER5_ISR
0000a46d   _USER6_ISR
0000a477   _USER7_ISR
0000a481   _USER8_ISR
0000a48b   _USER9_ISR
0000a4d1   _WAKEINT_ISR
0000a4b3   _XINT1_ISR
0000a4bd   _XINT2_ISR
0000a6ed   _XINT3_ISR
0000a6f7   _XINT4_ISR
0000a701   _XINT5_ISR
0000a70b   _XINT6_ISR
0000a715   _XINT7_ISR
00007070   _XIntruptRegs
00000b20   _XintfRegs
00000700   __STACK_END
00000300   __STACK_SIZE
00000001   __TI_args_main
ffffffff   ___binit__
ffffffff   ___c_args__
00008000   ___cinit__
0000b1fa   ___etext__
ffffffff   ___pinit__
0000a000   ___text__
0000b181   __args_main
0000e9b4   __cleanup_ptr
0000e9b6   __dtors_ptr
0000e9b2   __lock
0000b1e7   __nop
0000b1e3   __register_lock
0000b1df   __register_unlock
00000400   __stack
0000e9b0   __unlock
0000b19a   _abort
0000b0d4   _c_int00
0000abbe   _clkg_delay_loop
0000e9b8   _count
0000aba8   _delay_loop
0000a939   _delay_loop_time
0000a948   _error
0000b19c   _exit
0000c000   _flash_data
0000e9ba   _i
0000a8fb   _main
0000e9b9   _page
0000ea00   _read_data
0000a73d   _rsvd_ISR
0000a94a   _spi_init
0000aa31   _spi_rx_byte
0000aa3e   _spi_tx_byte
ffffffff   binit
00008000   cinit
00000000   code_start
0000b1fa   etext
ffffffff   pinit


GLOBAL SYMBOLS: SORTED BY Symbol Address 

address    name
--------   ----
00000000   code_start
00000001   __TI_args_main
00000300   __STACK_SIZE
00000400   __stack
00000700   __STACK_END
00000880   _DevEmuRegs
00000ae0   _CsmRegs
00000b20   _XintfRegs
00000c00   _CpuTimer0Regs
00000c08   _CpuTimer1Regs
00000c10   _CpuTimer2Regs
00000ce0   _PieCtrlRegs
00000d00   _PieVectTable
00001000   _DmaRegs
00005000   _McbspaRegs
00005040   _McbspbRegs
00006000   _ECanaRegs
00006040   _ECanaLAMRegs
00006080   _ECanaMOTSRegs
000060c0   _ECanaMOTORegs
00006100   _ECanaMboxes
00006200   _ECanbRegs
00006240   _ECanbLAMRegs
00006280   _ECanbMOTSRegs
000062c0   _ECanbMOTORegs
00006300   _ECanbMboxes
00006600   _EPwm9Regs
00006800   _EPwm1Regs
00006840   _EPwm2Regs
00006880   _EPwm3Regs
000068c0   _EPwm4Regs
00006900   _EPwm5Regs
00006940   _EPwm6Regs
00006980   _EPwm7Regs
000069c0   _EPwm8Regs
00006a00   _ECap1Regs
00006a20   _ECap2Regs
00006a40   _ECap3Regs
00006a60   _ECap4Regs
00006a80   _ECap5Regs
00006aa0   _ECap6Regs
00006b00   _EQep1Regs
00006b40   _EQep2Regs
00006b80   _EQep3Regs
00006f80   _GpioCtrlRegs
00006fc0   _GpioDataRegs
00006fe0   _GpioIntRegs
00007010   _SysCtrlRegs
00007040   _SpiaRegs
00007050   _SciaRegs
00007070   _XIntruptRegs
00007750   _ScibRegs
00007770   _ScicRegs
00007780   _SpidRegs
00007900   _I2caRegs
00008000   ___cinit__
00008000   cinit
0000802a   _DSP28x_usDelay
0000a000   .text
0000a000   _DMAInitialize
0000a000   ___text__
0000a00b   _DMACH1AddrConfig
0000a01d   _DMACH1BurstConfig
0000a02d   _DMACH1TransferConfig
0000a03d   _DMACH1WrapConfig
0000a050   _DMACH1ModeConfig
0000a0aa   _StartDMACH1
0000a0b2   _DMACH2AddrConfig
0000a0c4   _DMACH2BurstConfig
0000a0d4   _DMACH2TransferConfig
0000a0e4   _DMACH2WrapConfig
0000a0f7   _DMACH2ModeConfig
0000a151   _StartDMACH2
0000a159   _DMACH3AddrConfig
0000a16b   _DMACH3BurstConfig
0000a17b   _DMACH3TransferConfig
0000a18b   _DMACH3WrapConfig
0000a19e   _DMACH3ModeConfig
0000a1f8   _StartDMACH3
0000a200   _DMACH4AddrConfig
0000a212   _DMACH4BurstConfig
0000a222   _DMACH4TransferConfig
0000a232   _DMACH4WrapConfig
0000a245   _DMACH4ModeConfig
0000a29f   _StartDMACH4
0000a2a7   _DMACH5AddrConfig
0000a2b9   _DMACH5BurstConfig
0000a2c9   _DMACH5TransferConfig
0000a2d9   _DMACH5WrapConfig
0000a2ec   _DMACH5ModeConfig
0000a346   _StartDMACH5
0000a34e   _DMACH6AddrConfig
0000a360   _DMACH6BurstConfig
0000a370   _DMACH6TransferConfig
0000a380   _DMACH6WrapConfig
0000a393   _DMACH6ModeConfig
0000a3ed   _StartDMACH6
0000a3f5   _INT13_ISR
0000a3ff   _INT14_ISR
0000a409   _DATALOG_ISR
0000a413   _RTOSINT_ISR
0000a41d   _EMUINT_ISR
0000a427   _NMI_ISR
0000a431   _ILLEGAL_ISR
0000a43b   _USER1_ISR
0000a445   _USER2_ISR
0000a44f   _USER3_ISR
0000a459   _USER4_ISR
0000a463   _USER5_ISR
0000a46d   _USER6_ISR
0000a477   _USER7_ISR
0000a481   _USER8_ISR
0000a48b   _USER9_ISR
0000a495   _USER10_ISR
0000a49f   _USER11_ISR
0000a4a9   _USER12_ISR
0000a4b3   _XINT1_ISR
0000a4bd   _XINT2_ISR
0000a4c7   _TINT0_ISR
0000a4d1   _WAKEINT_ISR
0000a4db   _EPWM1_TZINT_ISR
0000a4e5   _EPWM2_TZINT_ISR
0000a4ef   _EPWM3_TZINT_ISR
0000a4f9   _EPWM4_TZINT_ISR
0000a503   _EPWM5_TZINT_ISR
0000a50d   _EPWM6_TZINT_ISR
0000a517   _EPWM7_TZINT_ISR
0000a521   _EPWM8_TZINT_ISR
0000a52b   _EPWM1_INT_ISR
0000a535   _EPWM2_INT_ISR
0000a53f   _EPWM3_INT_ISR
0000a549   _EPWM4_INT_ISR
0000a553   _EPWM5_INT_ISR
0000a55d   _EPWM6_INT_ISR
0000a567   _EPWM7_INT_ISR
0000a571   _EPWM8_INT_ISR
0000a57b   _ECAP1_INT_ISR
0000a585   _ECAP2_INT_ISR
0000a58f   _ECAP3_INT_ISR
0000a599   _ECAP4_INT_ISR
0000a5a3   _ECAP5_INT_ISR
0000a5ad   _ECAP6_INT_ISR
0000a5b7   _EQEP1_INT_ISR
0000a5c1   _EQEP2_INT_ISR
0000a5cb   _EQEP3_INT_ISR
0000a5d5   _SPIRXINTA_ISR
0000a5df   _SPITXINTA_ISR
0000a5e9   _MRINTB_ISR
0000a5f3   _MXINTB_ISR
0000a5fd   _MRINTA_ISR
0000a607   _MXINTA_ISR
0000a611   _SPIRXINTD_ISR
0000a61b   _SPITXINTD_ISR
0000a625   _DINTCH1_ISR
0000a62f   _DINTCH2_ISR
0000a639   _DINTCH3_ISR
0000a643   _DINTCH4_ISR
0000a64d   _DINTCH5_ISR
0000a657   _DINTCH6_ISR
0000a661   _I2CINT1A_ISR
0000a66b   _I2CINT2A_ISR
0000a675   _SCIRXINTC_ISR
0000a67f   _SCITXINTC_ISR
0000a689   _SCIRXINTA_ISR
0000a693   _SCITXINTA_ISR
0000a69d   _SCIRXINTB_ISR
0000a6a7   _SCITXINTB_ISR
0000a6b1   _ECAN0INTA_ISR
0000a6bb   _ECAN1INTA_ISR
0000a6c5   _ECAN0INTB_ISR
0000a6cf   _ECAN1INTB_ISR
0000a6d9   _EPWM9_TZINT_ISR
0000a6e3   _EPWM9_INT_ISR
0000a6ed   _XINT3_ISR
0000a6f7   _XINT4_ISR
0000a701   _XINT5_ISR
0000a70b   _XINT6_ISR
0000a715   _XINT7_ISR
0000a71f   _LVF_ISR
0000a729   _LUF_ISR
0000a733   _PIE_RESERVED
0000a73d   _rsvd_ISR
0000a747   _InitXintf
0000a79e   _InitXintf32Gpio
0000a835   _InitXintf16Gpio
0000a8fb   _main
0000a939   _delay_loop_time
0000a948   _error
0000a94a   _spi_init
0000a978   _FlashWrite
0000a989   _BufferWrite
0000a9e3   _BufferToMemorySend
0000aa03   _FlashRead
0000aa31   _spi_rx_byte
0000aa3e   _spi_tx_byte
0000aa4e   _FlashErase
0000aa68   _InitMcbsp
0000aa6d   _InitMcbspa
0000aa99   _InitMcbspb
0000aac5   _InitMcbspa8bit
0000aacc   _InitMcbspa12bit
0000aad7   _InitMcbspa16bit
0000aae2   _InitMcbspa20bit
0000aaed   _InitMcbspa24bit
0000aaf8   _InitMcbspa32bit
0000ab03   _InitMcbspb8bit
0000ab0a   _InitMcbspb12bit
0000ab15   _InitMcbspb16bit
0000ab20   _InitMcbspb20bit
0000ab2b   _InitMcbspb24bit
0000ab36   _InitMcbspb32bit
0000ab41   _InitMcbspGpio
0000ab46   _InitMcbspaGpio
0000ab80   _InitMcbspbGpio
0000aba8   _delay_loop
0000abbe   _clkg_delay_loop
0000abd4   _InitECan
0000abd9   _InitECana
0000ac58   _InitECanb
0000acd7   _InitECanGpio
0000acdc   _InitECanaGpio
0000acf2   _InitECanbGpio
0000ad06   _InitEPwm
0000ad07   _InitEPwmGpio
0000ad1a   _InitEPwm1Gpio
0000ad2c   _InitEPwm2Gpio
0000ad3e   _InitEPwm3Gpio
0000ad52   _InitEPwm4Gpio
0000ad66   _InitEPwm5Gpio
0000ad78   _InitEPwm6Gpio
0000ad8a   _InitEPwm7Gpio
0000ad98   _InitEPwm8Gpio
0000ada6   _InitEPwm9Gpio
0000adb4   _InitEPwmSyncGpio
0000adc8   _InitTzGpio
0000adfe   _InitSysCtrl
0000ae07   _ServiceDog
0000ae11   _DisableDog
0000ae19   _InitPll
0000ae79   _InitPeripheralClocks
0000aed9   _CsmUnlock
0000aef5   _InitCpuTimers
0000af2e   _ConfigCpuTimer
0000af70   _InitEQep
0000af71   _InitEQepGpio
0000af78   _InitEQep1Gpio
0000afa2   _InitEQep2Gpio
0000afc8   _InitEQep3Gpio
0000afe6   _InitECap
0000afe7   _InitECapGpio
0000aff4   _InitECap1Gpio
0000b002   _InitECap2Gpio
0000b00e   _InitECap3Gpio
0000b01a   _InitECap4Gpio
0000b026   _InitECap5Gpio
0000b034   _InitECap6Gpio
0000b042   _InitSpi
0000b043   _InitSpiGpio
0000b048   _InitSpiaGpio
0000b06e   _InitSpidGpio
0000b08c   _InitSci
0000b08d   _InitSciGpio
0000b094   _InitSciaGpio
0000b0aa   _InitScibGpio
0000b0be   _InitScicGpio
0000b0d4   _c_int00
0000b11a   _InitPieCtrl
0000b139   _EnableInterrupts
0000b142   _InitPieVectTable
0000b162   _InitGpio
0000b181   __args_main
0000b19a   C$$EXIT
0000b19a   _abort
0000b19c   _exit
0000b1b3   _InitI2C
0000b1b4   _InitI2CGpio
0000b1ca   _MemCopy
0000b1df   __register_unlock
0000b1e3   __register_lock
0000b1e7   __nop
0000b1f0   _DSP28x_DisableInt
0000b1f4   _DSP28x_RestoreInt
0000b1f7   _SetDBGIER
0000b1fa   ___etext__
0000b1fa   etext
0000c000   _flash_data
0000e896   _PieVectTableInit
0000e996   _BufferSize
0000e998   _CpuTimer1
0000e9a0   _CpuTimer2
0000e9a8   _CpuTimer0
0000e9b0   __unlock
0000e9b2   __lock
0000e9b4   __cleanup_ptr
0000e9b6   __dtors_ptr
0000e9b8   _count
0000e9b9   _page
0000e9ba   _i
0000e9c0   _DataSize
0000e9c1   _DataSizeToTransmit
0000ea00   _read_data
0033fff8   _CsmPwl
ffffffff   ___binit__
ffffffff   ___c_args__
ffffffff   ___pinit__
ffffffff   binit
ffffffff   pinit

[307 symbols]
